select ?;
select ?;
select ?;
select /*! ? + */ ?;
select /*!? ? + */ ?;
select /*!? ? + */ ?;
SELECT ? ;
SELECT ? /*! +? */;
SELECT ? /*!? +? */;
SELECT ? /*M! +? */;
SELECT ? /*M!? +? */;
SELECT ?
SELECT ?
SELECT ?
SELECT ?
START TRANSACTION READ WRITE
